// Jest Snapshot v1, https://goo.gl/fbAQLP

exports[`Form component renders correctly 1`] = `
<div>
  <section
    class="mt-16 w-full flex justify-center"
  >
    <form
      class="relative flex flex-col gap-4"
    >
      <label>
        Grade:
        <input
          name="grade"
          placeholder="9th Grade"
          type="text"
          value=""
        />
      </label>
      <label>
        Subject:
        <input
          name="subject"
          placeholder="Language Arts"
          type="text"
          value=""
        />
      </label>
      <label>
        Duration:
        <input
          name="duration"
          placeholder="50 minutes"
          type="text"
          value=""
        />
      </label>
      <label>
        Class Size:
        <input
          name="classSize"
          placeholder="30"
          type="text"
          value=""
        />
      </label>
      <label>
        Learning Objectives:
        <textarea
          name="learningObjectives"
          placeholder="Students should be able to identify and explain the use of at least three literary devices"
        />
      </label>
      <label>
        Resources Available:
        <textarea
          name="resourcesAvailable"
          placeholder=""To Kill a Mockingbird" novels, digital whiteboard for presenting a PowerPoint on literary devices, computers with internet access for research."
        />
      </label>
      <label>
        Teaching Style:
        <textarea
          name="teachingStyle"
          placeholder="Lecture, Group discussions, Individual work"
        />
      </label>
      <label>
        Assessment Methods:
        <textarea
          name="assessmentMethods"
          placeholder="Completion of the literary device worksheet"
        />
      </label>
      <label>
        Prior Knowledge:
        <textarea
          name="priorKnowledge"
          placeholder="Students have learned about various literary devices"
        />
      </label>
      <label>
        Student Needs:
        <textarea
          name="studentNeeds"
          placeholder="For students who may struggle with the pace, provide a reference sheet of literary devices. For English Language Learners or students with special needs, provide extra support as needed, such as a translated version of the text or additional time to complete the worksheet. For advanced students, include more complex literary devices in their assigned passages."
        />
      </label>
      <label>
        Extra Options:
        <textarea
          name="extraOptions"
          placeholder="If something does not fit in the above categories put it here."
        />
      </label>
      <button
        class="mb-10"
        type="submit"
      >
        Submit
      </button>
    </form>
  </section>
</div>
`;
