// Jest Snapshot v1, https://goo.gl/fbAQLP

exports[`Info component renders correctly 1`] = `
<div>
  <header
    class="w-full flex justify-center items-center flex-col"
  >
    <h1
      class="head_text"
    >
      Plan Lessons Quick and Easy
    </h1>
    <h2
      class="desc"
    >
      Provide as many details as you need. 
      <br />
      More details will result in a more precise plan. 
      <br />
      Save the Lesson Plan to view it in the Lessons page.
    </h2>
  </header>
</div>
`;
